

================================================================
== Vivado HLS Report for 'compute_blocks'
================================================================
* Date:           Fri May 18 16:31:15 2018

* Version:        2018.1 (Build 2188600 on Wed Apr 04 19:04:02 MDT 2018)
* Project:        hog_svm_fpga
* Solution:       hog_svm_fpga
* Product family: zynq
* Target device:  xc7z010clg400-1


================================================================
== Performance Estimates
================================================================
+ Timing (ns): 
    * Summary: 
    +--------+-------+----------+------------+
    |  Clock | Target| Estimated| Uncertainty|
    +--------+-------+----------+------------+
    |ap_clk  |  10.00|      8.56|        1.25|
    +--------+-------+----------+------------+

+ Latency (clock cycles): 
    * Summary: 
    +------+------+------+------+---------+
    |   Latency   |   Interval  | Pipeline|
    |  min |  max |  min |  max |   Type  |
    +------+------+------+------+---------+
    |  3382|  3382|  3382|  3382|   none  |
    +------+------+------+------+---------+

    + Detail: 
        * Instance: 
        N/A

        * Loop: 
        +-------------+------+------+----------+-----------+-----------+------+----------+
        |             |   Latency   | Iteration|  Initiation Interval  | Trip |          |
        |  Loop Name  |  min |  max |  Latency |  achieved |   target  | Count| Pipelined|
        +-------------+------+------+----------+-----------+-----------+------+----------+
        |- Loop 1     |  3381|  3381|        69|          -|          -|    49|    no    |
        | + Loop 1.1  |    32|    32|        18|          5|          1|     4|    yes   |
        +-------------+------+------+----------+-----------+-----------+------+----------+



================================================================
== Utilization Estimates
================================================================
* Summary: 
+-----------------+---------+-------+-------+-------+
|       Name      | BRAM_18K| DSP48E|   FF  |  LUT  |
+-----------------+---------+-------+-------+-------+
|DSP              |        -|      -|      -|      -|
|Expression       |        -|     27|    730|   8969|
|FIFO             |        -|      -|      -|      -|
|Instance         |        -|      5|   1128|   1957|
|Memory           |        -|      -|      -|      -|
|Multiplexer      |        -|      -|      -|    680|
|Register         |        0|      -|   4838|     64|
+-----------------+---------+-------+-------+-------+
|Total            |        0|     32|   6696|  11670|
+-----------------+---------+-------+-------+-------+
|Available        |      120|     80|  35200|  17600|
+-----------------+---------+-------+-------+-------+
|Utilization (%)  |        0|     40|     19|     66|
+-----------------+---------+-------+-------+-------+

+ Detail: 
    * Instance: 
    +--------------------------+----------------------+---------+-------+-----+-----+
    |         Instance         |        Module        | BRAM_18K| DSP48E|  FF | LUT |
    +--------------------------+----------------------+---------+-------+-----+-----+
    |xillybus_wrapper_cud_U11  |xillybus_wrapper_cud  |        0|      2|  205|  390|
    |xillybus_wrapper_dEe_U12  |xillybus_wrapper_dEe  |        0|      3|  143|  321|
    |xillybus_wrapper_eOg_U13  |xillybus_wrapper_eOg  |        0|      0|  340|  554|
    |xillybus_wrapper_eOg_U14  |xillybus_wrapper_eOg  |        0|      0|  340|  554|
    |xillybus_wrapper_fYi_U15  |xillybus_wrapper_fYi  |        0|      0|  100|  138|
    +--------------------------+----------------------+---------+-------+-----+-----+
    |Total                     |                      |        0|      5| 1128| 1957|
    +--------------------------+----------------------+---------+-------+-----+-----+

    * DSP48: 
    N/A

    * Memory: 
    N/A

    * FIFO: 
    N/A

    * Expression: 
    +--------------------------------+----------+-------+----+-----+------------+------------+
    |          Variable Name         | Operation| DSP48E| FF | LUT | Bitwidth P0| Bitwidth P1|
    +--------------------------------+----------+-------+----+-----+------------+------------+
    |p_Val2_55_1_fu_1354_p2          |     *    |      3|   0|   20|          31|          32|
    |p_Val2_55_2_fu_1432_p2          |     *    |      3|   0|   20|          31|          32|
    |p_Val2_55_3_fu_1453_p2          |     *    |      3|   0|   20|          31|          32|
    |p_Val2_55_4_fu_1579_p2          |     *    |      3|   0|   20|          31|          32|
    |p_Val2_55_5_fu_1600_p2          |     *    |      3|   0|   20|          31|          32|
    |p_Val2_55_6_fu_1845_p2          |     *    |      3|   0|   20|          31|          32|
    |p_Val2_55_7_fu_1866_p2          |     *    |      3|   0|   20|          31|          32|
    |p_Val2_55_8_fu_2111_p2          |     *    |      3|   0|   20|          31|          32|
    |p_Val2_s_26_fu_1333_p2          |     *    |      3|   0|   20|          31|          32|
    |hog_index_3_dup_fu_526_p2       |     +    |      0|   0|   39|           8|          32|
    |i_2_mid1_fu_568_p2              |     +    |      0|   0|   12|           2|           3|
    |i_s_fu_554_p2                   |     +    |      0|   0|   12|           1|           3|
    |ii_1_fu_1470_p2                 |     +    |      0|   0|   10|           1|           2|
    |indvar_flatten_next7_fu_520_p2  |     +    |      0|   0|   15|           6|           1|
    |indvar_flatten_next_fu_1169_p2  |     +    |      0|   0|   12|           3|           1|
    |indvars_iv_fu_1371_p2           |     +    |      0|   0|   39|           4|          32|
    |j_2_fu_614_p2                   |     +    |      0|   0|   12|           1|           3|
    |jj_1_fu_1175_p2                 |     +    |      0|   0|   10|           1|           2|
    |p_Repl2_1_trunc_fu_802_p2       |     +    |      0|   0|    8|           8|           8|
    |p_Repl2_7_trunc_1_fu_2667_p2    |     +    |      0|   0|    8|           8|           8|
    |p_Repl2_7_trunc_2_fu_2761_p2    |     +    |      0|   0|    8|           8|           8|
    |p_Repl2_7_trunc_3_fu_2815_p2    |     +    |      0|   0|    8|           8|           8|
    |p_Repl2_7_trunc_4_fu_2909_p2    |     +    |      0|   0|    8|           8|           8|
    |p_Repl2_7_trunc_5_fu_2963_p2    |     +    |      0|   0|    8|           8|           8|
    |p_Repl2_7_trunc_6_fu_3057_p2    |     +    |      0|   0|    8|           8|           8|
    |p_Repl2_7_trunc_7_fu_3111_p2    |     +    |      0|   0|    8|           8|           8|
    |p_Repl2_7_trunc_8_fu_3185_p2    |     +    |      0|   0|    8|           8|           8|
    |p_Repl2_7_trunc_fu_2614_p2      |     +    |      0|   0|    8|           8|           8|
    |p_Val2_1_fu_653_p2              |     +    |      0|   0|    8|          64|          64|
    |tmp24_fu_648_p2                 |     +    |      0|   0|    8|          64|          64|
    |tmp25_fu_642_p2                 |     +    |      0|   0|   71|          64|          64|
    |tmp_112_fu_1267_p2              |     +    |      0|   0|   13|          11|          11|
    |tmp_113_fu_1278_p2              |     +    |      0|   0|   13|           1|          11|
    |tmp_114_fu_1289_p2              |     +    |      0|   0|   13|           2|          11|
    |tmp_115_fu_1299_p2              |     +    |      0|   0|   13|           2|          11|
    |tmp_116_fu_1309_p2              |     +    |      0|   0|   13|           3|          11|
    |tmp_117_fu_1319_p2              |     +    |      0|   0|   13|           3|          11|
    |tmp_118_fu_1376_p2              |     +    |      0|   0|   13|           3|          11|
    |tmp_119_fu_1386_p2              |     +    |      0|   0|   13|           3|          11|
    |tmp_120_fu_1475_p2              |     +    |      0|   0|   13|           4|          11|
    |tmp_128_fu_1657_p2              |     +    |      0|   0|   15|           6|           6|
    |tmp_139_fu_1724_p2              |     +    |      0|   0|   15|           6|           6|
    |tmp_150_fu_1923_p2              |     +    |      0|   0|   15|           6|           6|
    |tmp_155_1_fu_2748_p2            |     +    |      0|   0|   39|           2|          32|
    |tmp_155_2_fu_2802_p2            |     +    |      0|   0|   39|           2|          32|
    |tmp_155_3_fu_2896_p2            |     +    |      0|   0|   39|           3|          32|
    |tmp_155_4_fu_2950_p2            |     +    |      0|   0|   39|           3|          32|
    |tmp_155_5_fu_3044_p2            |     +    |      0|   0|   39|           3|          32|
    |tmp_155_6_fu_3098_p2            |     +    |      0|   0|   39|           3|          32|
    |tmp_155_7_fu_3172_p2            |     +    |      0|   0|   39|           4|          32|
    |tmp_161_fu_1990_p2              |     +    |      0|   0|   15|           6|           6|
    |tmp_172_fu_2168_p2              |     +    |      0|   0|   15|           6|           6|
    |tmp_183_fu_2235_p2              |     +    |      0|   0|   15|           6|           6|
    |tmp_194_fu_2376_p2              |     +    |      0|   0|   15|           6|           6|
    |tmp_205_fu_2443_p2              |     +    |      0|   0|   15|           6|           6|
    |tmp_216_fu_2539_p2              |     +    |      0|   0|   15|           6|           6|
    |tmp_68_fu_936_p2                |     +    |      0|   0|   12|           6|          12|
    |tmp_77_fu_1154_p2               |     +    |      0|   0|   39|           6|          32|
    |tmp_78_fu_1236_p2               |     +    |      0|   0|   13|           4|           4|
    |tmp_79_fu_747_p2                |     +    |      0|   0|   15|           6|           6|
    |tmp_82_dup_fu_1181_p2           |     +    |      0|   0|   39|           5|          32|
    |tmp_84_mid2_v_fu_1228_p2        |     +    |      0|   0|   12|           3|           3|
    |tmp_91_fu_2654_p2               |     +    |      0|   0|   39|           1|          32|
    |F2_fu_924_p2                    |     -    |      0|   0|   12|          11|          12|
    |man_V_1_fu_918_p2               |     -    |      0|   0|   61|           1|          54|
    |p_op_fu_840_p2                  |     -    |      0|   0|   39|          31|          32|
    |tmp_102_fu_3177_p2              |     -    |      0|   0|    8|           8|           8|
    |tmp_147_1_cast_fu_1417_p2       |     -    |      0|   0|   69|           1|          62|
    |tmp_147_2_cast_fu_1548_p2       |     -    |      0|   0|   69|           1|          62|
    |tmp_147_3_cast_fu_1564_p2       |     -    |      0|   0|   69|           1|          62|
    |tmp_147_4_cast_fu_1814_p2       |     -    |      0|   0|   69|           1|          62|
    |tmp_147_5_cast_fu_1830_p2       |     -    |      0|   0|   69|           1|          62|
    |tmp_147_6_cast_fu_2080_p2       |     -    |      0|   0|   69|           1|          62|
    |tmp_147_7_cast_fu_2096_p2       |     -    |      0|   0|   69|           1|          62|
    |tmp_147_8_cast_fu_2325_p2       |     -    |      0|   0|   69|           1|          62|
    |tmp_147_cast_fu_1401_p2         |     -    |      0|   0|   69|           1|          62|
    |tmp_150_1_fu_1708_p2            |     -    |      0|   0|   39|           5|          32|
    |tmp_150_2_fu_1907_p2            |     -    |      0|   0|   39|           5|          32|
    |tmp_150_3_fu_1974_p2            |     -    |      0|   0|   39|           5|          32|
    |tmp_150_4_fu_2152_p2            |     -    |      0|   0|   39|           5|          32|
    |tmp_150_5_fu_2219_p2            |     -    |      0|   0|   39|           5|          32|
    |tmp_150_6_fu_2360_p2            |     -    |      0|   0|   39|           5|          32|
    |tmp_150_7_fu_2427_p2            |     -    |      0|   0|   39|           5|          32|
    |tmp_150_8_fu_2523_p2            |     -    |      0|   0|   39|           5|          32|
    |tmp_23_fu_794_p2                |     -    |      0|   0|    8|           8|           8|
    |tmp_31_fu_666_p2                |     -    |      0|   0|   71|           1|          64|
    |tmp_35_fu_2606_p2               |     -    |      0|   0|    8|           8|           8|
    |tmp_39_fu_2659_p2               |     -    |      0|   0|    8|           8|           8|
    |tmp_43_fu_2753_p2               |     -    |      0|   0|    8|           8|           8|
    |tmp_47_fu_2807_p2               |     -    |      0|   0|    8|           8|           8|
    |tmp_51_fu_2901_p2               |     -    |      0|   0|    8|           8|           8|
    |tmp_55_fu_2955_p2               |     -    |      0|   0|    8|           8|           8|
    |tmp_58_fu_731_p2                |     -    |      0|   0|   39|           5|          32|
    |tmp_69_fu_942_p2                |     -    |      0|   0|   12|           5|          12|
    |tmp_87_fu_1641_p2               |     -    |      0|   0|   39|           5|          32|
    |tmp_94_fu_3049_p2               |     -    |      0|   0|    8|           8|           8|
    |tmp_98_fu_3103_p2               |     -    |      0|   0|    8|           8|           8|
    |sel_tmp1_fu_1038_p2             |    and   |      0|   0|    2|           1|           1|
    |sel_tmp3_fu_1006_p2             |    and   |      0|   0|    2|           1|           1|
    |sel_tmp5_fu_1055_p2             |    and   |      0|   0|    2|           1|           1|
    |sel_tmp8_fu_1021_p2             |    and   |      0|   0|    2|           1|           1|
    |sel_tmp9_fu_1026_p2             |    and   |      0|   0|    2|           1|           1|
    |tmp_75_fu_995_p2                |   ashr   |      0|   0|  162|          54|          54|
    |tmp_148_1_fu_1527_p3            |   cttz   |      0|  73|   71|          64|           0|
    |tmp_148_2_fu_1764_p3            |   cttz   |      0|  73|   71|          64|           0|
    |tmp_148_3_fu_1793_p3            |   cttz   |      0|  73|   71|          64|           0|
    |tmp_148_4_fu_2030_p3            |   cttz   |      0|  73|   71|          64|           0|
    |tmp_148_5_fu_2059_p3            |   cttz   |      0|  73|   71|          64|           0|
    |tmp_148_6_fu_2275_p3            |   cttz   |      0|  73|   71|          64|           0|
    |tmp_148_7_fu_2304_p3            |   cttz   |      0|  73|   71|          64|           0|
    |tmp_148_8_fu_2483_p3            |   cttz   |      0|  73|   71|          64|           0|
    |tmp_32_fu_691_p3                |   cttz   |      0|  73|   71|          64|           0|
    |tmp_81_fu_1498_p3               |   cttz   |      0|  73|   71|          64|           0|
    |exitcond1_fu_1187_p2            |   icmp   |      0|   0|    9|           2|           3|
    |exitcond_flatten8_fu_514_p2     |   icmp   |      0|   0|   11|           6|           5|
    |exitcond_flatten_fu_1163_p2     |   icmp   |      0|   0|    9|           3|           4|
    |exitcond_fu_532_p2              |   icmp   |      0|   0|    9|           3|           2|
    |icmp10_fu_2514_p2               |   icmp   |      0|   0|   18|          27|           1|
    |icmp1_fu_972_p2                 |   icmp   |      0|   0|   11|           7|           1|
    |icmp2_fu_1632_p2                |   icmp   |      0|   0|   18|          27|           1|
    |icmp3_fu_1699_p2                |   icmp   |      0|   0|   18|          27|           1|
    |icmp4_fu_1898_p2                |   icmp   |      0|   0|   18|          27|           1|
    |icmp5_fu_1965_p2                |   icmp   |      0|   0|   18|          27|           1|
    |icmp6_fu_2143_p2                |   icmp   |      0|   0|   18|          27|           1|
    |icmp7_fu_2210_p2                |   icmp   |      0|   0|   18|          27|           1|
    |icmp8_fu_2351_p2                |   icmp   |      0|   0|   18|          27|           1|
    |icmp9_fu_2418_p2                |   icmp   |      0|   0|   18|          27|           1|
    |icmp_fu_722_p2                  |   icmp   |      0|   0|   18|          27|           1|
    |tmp_145_1_fu_1412_p2            |   icmp   |      0|   0|   29|          63|           1|
    |tmp_145_2_fu_1543_p2            |   icmp   |      0|   0|   29|          63|           1|
    |tmp_145_3_fu_1559_p2            |   icmp   |      0|   0|   29|          63|           1|
    |tmp_145_4_fu_1809_p2            |   icmp   |      0|   0|   29|          63|           1|
    |tmp_145_5_fu_1825_p2            |   icmp   |      0|   0|   29|          63|           1|
    |tmp_145_6_fu_2075_p2            |   icmp   |      0|   0|   29|          63|           1|
    |tmp_145_7_fu_2091_p2            |   icmp   |      0|   0|   29|          63|           1|
    |tmp_145_8_fu_2320_p2            |   icmp   |      0|   0|   29|          63|           1|
    |tmp_152_1_fu_2600_p2            |   icmp   |      0|   0|   11|           8|           8|
    |tmp_152_2_fu_2722_p2            |   icmp   |      0|   0|   11|           8|           8|
    |tmp_152_3_fu_2742_p2            |   icmp   |      0|   0|   11|           8|           8|
    |tmp_152_4_fu_2870_p2            |   icmp   |      0|   0|   11|           8|           8|
    |tmp_152_5_fu_2890_p2            |   icmp   |      0|   0|   11|           8|           8|
    |tmp_152_6_fu_3018_p2            |   icmp   |      0|   0|   11|           8|           8|
    |tmp_152_7_fu_3038_p2            |   icmp   |      0|   0|   11|           8|           8|
    |tmp_152_8_fu_3166_p2            |   icmp   |      0|   0|   11|           8|           8|
    |tmp_59_fu_788_p2                |   icmp   |      0|   0|   11|           8|           8|
    |tmp_65_fu_898_p2                |   icmp   |      0|   0|   29|          63|           1|
    |tmp_67_fu_930_p2                |   icmp   |      0|   0|   13|          12|           5|
    |tmp_70_fu_956_p2                |   icmp   |      0|   0|   13|          12|           5|
    |tmp_72_fu_986_p2                |   icmp   |      0|   0|   13|          12|           6|
    |tmp_80_fu_1396_p2               |   icmp   |      0|   0|   29|          63|           1|
    |tmp_89_fu_2580_p2               |   icmp   |      0|   0|   11|           8|           8|
    |tmp_s_fu_671_p2                 |   icmp   |      0|   0|   29|          64|           1|
    |tmp_130_fu_1667_p2              |   lshr   |      0|   0|  182|          64|          64|
    |tmp_141_fu_1734_p2              |   lshr   |      0|   0|  182|          64|          64|
    |tmp_152_fu_1933_p2              |   lshr   |      0|   0|  182|          64|          64|
    |tmp_163_fu_2000_p2              |   lshr   |      0|   0|  182|          64|          64|
    |tmp_174_fu_2178_p2              |   lshr   |      0|   0|  182|          64|          64|
    |tmp_185_fu_2245_p2              |   lshr   |      0|   0|  182|          64|          64|
    |tmp_196_fu_2386_p2              |   lshr   |      0|   0|  182|          64|          64|
    |tmp_207_fu_2453_p2              |   lshr   |      0|   0|  182|          64|          64|
    |tmp_218_fu_2549_p2              |   lshr   |      0|   0|  182|          64|          64|
    |tmp_85_fu_757_p2                |   lshr   |      0|   0|  182|          64|          64|
    |ap_block_state1                 |    or    |      0|   0|    2|           1|           1|
    |or_cond1_fu_1066_p2             |    or    |      0|   0|    2|           1|           1|
    |or_cond2_fu_1072_p2             |    or    |      0|   0|    2|           1|           1|
    |or_cond_fu_1060_p2              |    or    |      0|   0|    2|           1|           1|
    |sel_tmp22_demorgan_fu_1044_p2   |    or    |      0|   0|    2|           1|           1|
    |sel_tmp7_demorgan_fu_1011_p2    |    or    |      0|   0|    2|           1|           1|
    |hog_index_1_mid2_fu_538_p3      |  select  |      0|   0|   32|           1|          32|
    |hog_index_2_mid2_fu_1217_p3     |  select  |      0|   0|   32|           1|          32|
    |hog_index_mid2_fu_582_p3        |  select  |      0|   0|   32|           1|          32|
    |i_cast_mid2_v_fu_560_p3         |  select  |      0|   0|    3|           1|           3|
    |ii_mid2_fu_1201_p3              |  select  |      0|   0|    2|           1|           1|
    |indvars_iv_in_mid2_fu_1193_p3   |  select  |      0|   0|   32|           1|          32|
    |j_mid2_fu_546_p3                |  select  |      0|   0|    3|           1|           1|
    |man_V_2_fu_978_p3               |  select  |      0|   0|   54|           1|          54|
    |p_012_0_i_1_fu_1743_p3          |  select  |      0|   0|   32|           1|          32|
    |p_012_0_i_2_fu_1942_p3          |  select  |      0|   0|   32|           1|          32|
    |p_012_0_i_3_fu_2009_p3          |  select  |      0|   0|   32|           1|          32|
    |p_012_0_i_4_fu_2187_p3          |  select  |      0|   0|   32|           1|          32|
    |p_012_0_i_5_fu_2254_p3          |  select  |      0|   0|   32|           1|          32|
    |p_012_0_i_6_fu_2395_p3          |  select  |      0|   0|   32|           1|          32|
    |p_012_0_i_7_fu_2462_p3          |  select  |      0|   0|   32|           1|          32|
    |p_012_0_i_8_fu_2558_p3          |  select  |      0|   0|   32|           1|          32|
    |p_012_0_i_fu_1676_p3            |  select  |      0|   0|   32|           1|          32|
    |p_03_i_1_fu_2695_p3             |  select  |      0|   0|   32|           1|           1|
    |p_03_i_2_fu_2789_p3             |  select  |      0|   0|   32|           1|           1|
    |p_03_i_3_fu_2843_p3             |  select  |      0|   0|   32|           1|           1|
    |p_03_i_4_fu_2937_p3             |  select  |      0|   0|   32|           1|           1|
    |p_03_i_5_fu_2991_p3             |  select  |      0|   0|   32|           1|           1|
    |p_03_i_6_fu_3085_p3             |  select  |      0|   0|   32|           1|           1|
    |p_03_i_7_fu_3139_p3             |  select  |      0|   0|   32|           1|           1|
    |p_03_i_8_fu_3213_p3             |  select  |      0|   0|   32|           1|           1|
    |p_03_i_fu_2642_p3               |  select  |      0|   0|   32|           1|           1|
    |p_Val2_15_fu_676_p3             |  select  |      0|   0|   64|           1|          64|
    |p_v1_fu_574_p3                  |  select  |      0|   0|    3|           1|           3|
    |sh_amt_fu_948_p3                |  select  |      0|   0|   12|           1|          12|
    |tmp32_V_4_fu_766_p3             |  select  |      0|   0|   32|           1|          32|
    |tmp_107_fu_1098_p3              |  select  |      0|   0|   31|           1|          31|
    |tmp_108_fu_1141_p3              |  select  |      0|   0|   31|           1|          31|
    |tmp_109_fu_1147_p3              |  select  |      0|   0|   31|           1|          31|
    |tmp_84_fu_1127_p3               |  select  |      0|   0|    2|           1|           2|
    |tmp_84_mid2_v_v_v_fu_1209_p3    |  select  |      0|   0|    2|           1|           2|
    |tmp_86_fu_1134_p3               |  select  |      0|   0|   31|           1|          31|
    |tmp_V_2_1_fu_1422_p3            |  select  |      0|   0|   62|           1|          62|
    |tmp_V_2_2_fu_1553_p3            |  select  |      0|   0|   62|           1|          62|
    |tmp_V_2_3_fu_1569_p3            |  select  |      0|   0|   62|           1|          62|
    |tmp_V_2_4_fu_1819_p3            |  select  |      0|   0|   62|           1|          62|
    |tmp_V_2_5_fu_1835_p3            |  select  |      0|   0|   62|           1|          62|
    |tmp_V_2_6_fu_2085_p3            |  select  |      0|   0|   62|           1|          62|
    |tmp_V_2_7_fu_2101_p3            |  select  |      0|   0|   62|           1|          62|
    |tmp_V_2_8_fu_2330_p3            |  select  |      0|   0|   62|           1|          62|
    |tmp_V_2_fu_1406_p3              |  select  |      0|   0|   62|           1|          62|
    |x_fu_861_p3                     |  select  |      0|   0|   32|           1|           1|
    |yn_fu_850_p3                    |  select  |      0|   0|   32|           1|          31|
    |tmp32_V_13_1_fu_1714_p2         |    shl   |      0|   0|  101|          32|          32|
    |tmp32_V_13_2_fu_1913_p2         |    shl   |      0|   0|  101|          32|          32|
    |tmp32_V_13_3_fu_1980_p2         |    shl   |      0|   0|  101|          32|          32|
    |tmp32_V_13_4_fu_2158_p2         |    shl   |      0|   0|  101|          32|          32|
    |tmp32_V_13_5_fu_2225_p2         |    shl   |      0|   0|  101|          32|          32|
    |tmp32_V_13_6_fu_2366_p2         |    shl   |      0|   0|  101|          32|          32|
    |tmp32_V_13_7_fu_2433_p2         |    shl   |      0|   0|  101|          32|          32|
    |tmp32_V_13_8_fu_2529_p2         |    shl   |      0|   0|  101|          32|          32|
    |tmp32_V_1_fu_737_p2             |    shl   |      0|   0|  101|          32|          32|
    |tmp32_V_3_fu_1647_p2            |    shl   |      0|   0|  101|          32|          32|
    |tmp_76_fu_1112_p2               |    shl   |      0|   0|  101|          32|          32|
    |ap_enable_pp0                   |    xor   |      0|   0|    2|           1|           2|
    |ap_enable_reg_pp0_iter1         |    xor   |      0|   0|    2|           2|           1|
    |msb_idx_2_1_fu_1684_p2          |    xor   |      0|   0|   32|          32|           6|
    |msb_idx_2_2_fu_1883_p2          |    xor   |      0|   0|   32|          32|           6|
    |msb_idx_2_3_fu_1950_p2          |    xor   |      0|   0|   32|          32|           6|
    |msb_idx_2_4_fu_2128_p2          |    xor   |      0|   0|   32|          32|           6|
    |msb_idx_2_5_fu_2195_p2          |    xor   |      0|   0|   32|          32|           6|
    |msb_idx_2_6_fu_2336_p2          |    xor   |      0|   0|   32|          32|           6|
    |msb_idx_2_7_fu_2403_p2          |    xor   |      0|   0|   32|          32|           6|
    |msb_idx_2_8_fu_2499_p2          |    xor   |      0|   0|   32|          32|           6|
    |msb_idx_2_fu_1617_p2            |    xor   |      0|   0|   32|          32|           6|
    |msb_idx_fu_707_p2               |    xor   |      0|   0|   32|          32|           6|
    |sel_tmp2_fu_1001_p2             |    xor   |      0|   0|    2|           1|           2|
    |sel_tmp4_fu_1049_p2             |    xor   |      0|   0|    2|           1|           2|
    |sel_tmp7_fu_1015_p2             |    xor   |      0|   0|    2|           1|           2|
    |sel_tmp_fu_1032_p2              |    xor   |      0|   0|    2|           1|           2|
    +--------------------------------+----------+-------+----+-----+------------+------------+
    |Total                           |          |     27| 730| 8969|        4075|        4842|
    +--------------------------------+----------+-------+----+-----+------------+------------+

    * Multiplexer: 
    +-----------------------------------------+-----+-----------+-----+-----------+
    |                   Name                  | LUT | Input Size| Bits| Total Bits|
    +-----------------------------------------+-----+-----------+-----+-----------+
    |ap_NS_fsm                                |  189|         43|    1|         43|
    |ap_done                                  |    9|          2|    1|          2|
    |ap_enable_reg_pp0_iter1                  |    9|          2|    1|          2|
    |ap_enable_reg_pp0_iter3                  |    9|          2|    1|          2|
    |ap_phi_mux_hog_index_2_phi_fu_442_p4     |    9|          2|   32|         64|
    |ap_phi_mux_ii_phi_fu_472_p4              |    9|          2|    2|          4|
    |ap_phi_mux_indvar_flatten_phi_fu_432_p4  |    9|          2|    3|          6|
    |ap_phi_mux_indvars_iv_in_phi_fu_462_p4   |    9|          2|   32|         64|
    |ap_phi_mux_jj_phi_fu_452_p4              |    9|          2|    2|          4|
    |cells_bin_V_address0                     |   33|          6|   10|         60|
    |cells_bin_V_address1                     |   27|          5|   10|         50|
    |cells_mag_sq_V_address0                  |   15|          3|    6|         18|
    |cells_mag_sq_V_address1                  |   15|          3|    6|         18|
    |grp_fu_484_p0                            |   15|          3|   32|         96|
    |grp_fu_484_p1                            |   21|          4|   32|        128|
    |grp_fu_488_p0                            |   38|          7|   32|        224|
    |grp_fu_491_p0                            |   27|          5|   32|        160|
    |hog_address0                             |   33|          6|   11|         66|
    |hog_address1                             |   27|          5|   11|         55|
    |hog_d0                                   |   33|          6|   32|        192|
    |hog_d1                                   |   27|          5|   32|        160|
    |hog_index_1_reg_406                      |    9|          2|   32|         64|
    |hog_index_2_reg_439                      |    9|          2|   32|         64|
    |hog_index_reg_384                        |    9|          2|   32|         64|
    |i_reg_395                                |    9|          2|    3|          6|
    |ii_reg_468                               |    9|          2|    2|          4|
    |indvar_flatten6_reg_373                  |    9|          2|    6|         12|
    |indvar_flatten_reg_428                   |    9|          2|    3|          6|
    |indvars_iv_in_reg_459                    |    9|          2|   32|         64|
    |j_reg_417                                |    9|          2|    3|          6|
    |jj_reg_448                               |    9|          2|    2|          4|
    |reg_504                                  |    9|          2|   32|         64|
    |reg_509                                  |    9|          2|   32|         64|
    +-----------------------------------------+-----+-----------+-----+-----------+
    |Total                                    |  680|        141|  532|       1840|
    +-----------------------------------------+-----+-----------+-----+-----------+

    * Register: 
    +----------------------------------+----+----+-----+-----------+
    |               Name               | FF | LUT| Bits| Const Bits|
    +----------------------------------+----+----+-----+-----------+
    |OP2_V_cast_reg_3468               |  63|   0|   63|          0|
    |ap_CS_fsm                         |  42|   0|   42|          0|
    |ap_done_reg                       |   1|   0|    1|          0|
    |ap_enable_reg_pp0_iter0           |   1|   0|    1|          0|
    |ap_enable_reg_pp0_iter1           |   1|   0|    1|          0|
    |ap_enable_reg_pp0_iter2           |   1|   0|    1|          0|
    |ap_enable_reg_pp0_iter3           |   1|   0|    1|          0|
    |exitcond_flatten_reg_3481         |   1|   0|    1|          0|
    |exp_tmp_V_reg_3379                |  11|   0|   11|          0|
    |hog_index_1_mid2_reg_3234         |  32|   0|   32|          0|
    |hog_index_1_reg_406               |  32|   0|   32|          0|
    |hog_index_2_mid2_reg_3516         |  32|   0|   32|          0|
    |hog_index_2_reg_439               |  32|   0|   32|          0|
    |hog_index_mid2_reg_3261           |  32|   0|   32|          0|
    |hog_index_reg_384                 |  32|   0|   32|          0|
    |i_cast_mid2_reg_3458              |   3|   0|    4|          1|
    |i_cast_mid2_v_reg_3248            |   3|   0|    3|          0|
    |i_reg_395                         |   3|   0|    3|          0|
    |icmp1_reg_3423                    |   1|   0|    1|          0|
    |ii_1_reg_3667                     |   2|   0|    2|          0|
    |ii_mid2_reg_3504                  |   2|   0|    2|          0|
    |ii_reg_468                        |   2|   0|    2|          0|
    |indvar_flatten6_reg_373           |   6|   0|    6|          0|
    |indvar_flatten_next7_reg_3229     |   6|   0|    6|          0|
    |indvar_flatten_next_reg_3485      |   3|   0|    3|          0|
    |indvar_flatten_reg_428            |   3|   0|    3|          0|
    |indvars_iv_in_mid2_reg_3490       |  32|   0|   32|          0|
    |indvars_iv_in_reg_459             |  32|   0|   32|          0|
    |indvars_iv_reg_3596               |  32|   0|   32|          0|
    |is_neg_reg_3309                   |   1|   0|    1|          0|
    |isneg_reg_3373                    |   1|   0|    1|          0|
    |j_2_reg_3281                      |   3|   0|    3|          0|
    |j_mid2_reg_3241                   |   3|   0|    3|          0|
    |j_reg_417                         |   3|   0|    3|          0|
    |jj_reg_448                        |   2|   0|    2|          0|
    |man_V_1_reg_3400                  |  54|   0|   54|          0|
    |man_V_2_reg_3428                  |  54|   0|   54|          0|
    |num_zeros_reg_3332                |  32|   0|   32|          0|
    |or_cond2_reg_3448                 |   1|   0|    1|          0|
    |or_cond_reg_3443                  |   1|   0|    1|          0|
    |p_012_0_i_1_reg_3768              |  32|   0|   32|          0|
    |p_012_0_i_2_reg_3859              |  32|   0|   32|          0|
    |p_012_0_i_3_reg_3864              |  32|   0|   32|          0|
    |p_012_0_i_4_reg_3938              |  32|   0|   32|          0|
    |p_012_0_i_5_reg_3943              |  32|   0|   32|          0|
    |p_012_0_i_6_reg_3989              |  32|   0|   32|          0|
    |p_012_0_i_7_reg_3994              |  32|   0|   32|          0|
    |p_012_0_i_8_reg_4014              |  32|   0|   32|          0|
    |p_012_0_i_reg_3763                |  32|   0|   32|          0|
    |p_Result_2_reg_3395               |  52|   0|   54|          2|
    |p_Val2_10_reg_3276                |  64|   0|   64|          0|
    |p_Val2_15_reg_3326                |  64|   0|   64|          0|
    |p_Val2_1_reg_3302                 |  64|   0|   64|          0|
    |p_Val2_55_1_reg_3579              |  63|   0|   63|          0|
    |p_Val2_55_2_reg_3633              |  63|   0|   63|          0|
    |p_Val2_55_3_reg_3650              |  63|   0|   63|          0|
    |p_Val2_55_4_reg_3729              |  63|   0|   63|          0|
    |p_Val2_55_5_reg_3746              |  63|   0|   63|          0|
    |p_Val2_55_6_reg_3825              |  63|   0|   63|          0|
    |p_Val2_55_7_reg_3842              |  63|   0|   63|          0|
    |p_Val2_55_8_reg_3921              |  63|   0|   63|          0|
    |p_Val2_s_26_reg_3562              |  63|   0|   63|          0|
    |p_v1_reg_3256                     |   3|   0|    3|          0|
    |reg_497                           |  32|   0|   32|          0|
    |reg_504                           |  32|   0|   32|          0|
    |reg_509                           |  32|   0|   32|          0|
    |sel_tmp5_reg_3438                 |   1|   0|    1|          0|
    |sh_amt_cast_reg_3433              |  32|   0|   32|          0|
    |sh_amt_reg_3411                   |  12|   0|   12|          0|
    |tmp25_reg_3297                    |  64|   0|   64|          0|
    |tmp32_V_10_reg_3347               |  32|   0|   32|          0|
    |tmp32_V_20_1_reg_4029             |  32|   0|   32|          0|
    |tmp32_V_20_2_reg_4039             |  32|   0|   32|          0|
    |tmp32_V_20_3_reg_4049             |  32|   0|   32|          0|
    |tmp32_V_20_4_reg_4059             |  32|   0|   32|          0|
    |tmp32_V_20_5_reg_4069             |  32|   0|   32|          0|
    |tmp32_V_20_6_reg_4079             |  32|   0|   32|          0|
    |tmp32_V_20_7_reg_4089             |  32|   0|   32|          0|
    |tmp32_V_20_8_reg_4099             |  32|   0|   32|          0|
    |tmp32_V_4_reg_3342                |  32|   0|   32|          0|
    |tmp32_V_8_reg_4019                |  32|   0|   32|          0|
    |tmp_101_reg_3384                  |  52|   0|   52|          0|
    |tmp_107_reg_3453                  |  31|   0|   31|          0|
    |tmp_112_reg_3521                  |  11|   0|   11|          0|
    |tmp_121_reg_3567                  |  62|   0|   62|          0|
    |tmp_122_reg_3573                  |   1|   0|    1|          0|
    |tmp_122_reg_3573_pp0_iter1_reg    |   1|   0|    1|          0|
    |tmp_123_reg_3682                  |  32|   0|   32|          0|
    |tmp_124_reg_3687                  |   8|   0|    8|          0|
    |tmp_124_reg_3687_pp0_iter2_reg    |   8|   0|    8|          0|
    |tmp_132_reg_3584                  |  62|   0|   62|          0|
    |tmp_133_reg_3590                  |   1|   0|    1|          0|
    |tmp_133_reg_3590_pp0_iter1_reg    |   1|   0|    1|          0|
    |tmp_134_reg_3697                  |  32|   0|   32|          0|
    |tmp_135_reg_3702                  |   8|   0|    8|          0|
    |tmp_135_reg_3702_pp0_iter2_reg    |   8|   0|    8|          0|
    |tmp_143_reg_3638                  |  62|   0|   62|          0|
    |tmp_144_reg_3644                  |   1|   0|    1|          0|
    |tmp_144_reg_3644_pp0_iter1_reg    |   1|   0|    1|          0|
    |tmp_145_1_reg_3622                |   1|   0|    1|          0|
    |tmp_145_1_reg_3622_pp0_iter1_reg  |   1|   0|    1|          0|
    |tmp_145_2_reg_3707                |   1|   0|    1|          0|
    |tmp_145_2_reg_3707_pp0_iter2_reg  |   1|   0|    1|          0|
    |tmp_145_3_reg_3718                |   1|   0|    1|          0|
    |tmp_145_3_reg_3718_pp0_iter2_reg  |   1|   0|    1|          0|
    |tmp_145_4_reg_3803                |   1|   0|    1|          0|
    |tmp_145_4_reg_3803_pp0_iter2_reg  |   1|   0|    1|          0|
    |tmp_145_5_reg_3814                |   1|   0|    1|          0|
    |tmp_145_5_reg_3814_pp0_iter2_reg  |   1|   0|    1|          0|
    |tmp_145_6_reg_3899                |   1|   0|    1|          0|
    |tmp_145_6_reg_3899_pp0_iter2_reg  |   1|   0|    1|          0|
    |tmp_145_7_reg_3910                |   1|   0|    1|          0|
    |tmp_145_7_reg_3910_pp0_iter2_reg  |   1|   0|    1|          0|
    |tmp_145_8_reg_3978                |   1|   0|    1|          0|
    |tmp_145_8_reg_3978_pp0_iter2_reg  |   1|   0|    1|          0|
    |tmp_145_reg_3778                  |  32|   0|   32|          0|
    |tmp_146_reg_3783                  |   8|   0|    8|          0|
    |tmp_146_reg_3783_pp0_iter2_reg    |   8|   0|    8|          0|
    |tmp_152_1_reg_4034                |   1|   0|    1|          0|
    |tmp_152_2_reg_4044                |   1|   0|    1|          0|
    |tmp_152_3_reg_4054                |   1|   0|    1|          0|
    |tmp_152_4_reg_4064                |   1|   0|    1|          0|
    |tmp_152_5_reg_4074                |   1|   0|    1|          0|
    |tmp_152_6_reg_4084                |   1|   0|    1|          0|
    |tmp_152_7_reg_4094                |   1|   0|    1|          0|
    |tmp_152_8_reg_4104                |   1|   0|    1|          0|
    |tmp_154_reg_3655                  |  62|   0|   62|          0|
    |tmp_155_reg_3661                  |   1|   0|    1|          0|
    |tmp_155_reg_3661_pp0_iter1_reg    |   1|   0|    1|          0|
    |tmp_156_reg_3793                  |  32|   0|   32|          0|
    |tmp_157_reg_3798                  |   8|   0|    8|          0|
    |tmp_157_reg_3798_pp0_iter2_reg    |   8|   0|    8|          0|
    |tmp_165_reg_3734                  |  62|   0|   62|          0|
    |tmp_166_reg_3740                  |   1|   0|    1|          0|
    |tmp_166_reg_3740_pp0_iter2_reg    |   1|   0|    1|          0|
    |tmp_167_reg_3874                  |  32|   0|   32|          0|
    |tmp_168_reg_3879                  |   8|   0|    8|          0|
    |tmp_168_reg_3879_pp0_iter2_reg    |   8|   0|    8|          0|
    |tmp_176_reg_3751                  |  62|   0|   62|          0|
    |tmp_177_reg_3757                  |   1|   0|    1|          0|
    |tmp_177_reg_3757_pp0_iter2_reg    |   1|   0|    1|          0|
    |tmp_178_reg_3889                  |  32|   0|   32|          0|
    |tmp_179_reg_3894                  |   8|   0|    8|          0|
    |tmp_179_reg_3894_pp0_iter2_reg    |   8|   0|    8|          0|
    |tmp_187_reg_3830                  |  62|   0|   62|          0|
    |tmp_188_reg_3836                  |   1|   0|    1|          0|
    |tmp_188_reg_3836_pp0_iter2_reg    |   1|   0|    1|          0|
    |tmp_189_reg_3953                  |  32|   0|   32|          0|
    |tmp_190_reg_3958                  |   8|   0|    8|          0|
    |tmp_190_reg_3958_pp0_iter2_reg    |   8|   0|    8|          0|
    |tmp_198_reg_3847                  |  62|   0|   62|          0|
    |tmp_199_reg_3853                  |   1|   0|    1|          0|
    |tmp_199_reg_3853_pp0_iter2_reg    |   1|   0|    1|          0|
    |tmp_200_reg_3968                  |  32|   0|   32|          0|
    |tmp_201_reg_3973                  |   8|   0|    8|          0|
    |tmp_201_reg_3973_pp0_iter2_reg    |   8|   0|    8|          0|
    |tmp_209_reg_3926                  |  62|   0|   62|          0|
    |tmp_210_reg_3932                  |   1|   0|    1|          0|
    |tmp_210_reg_3932_pp0_iter2_reg    |   1|   0|    1|          0|
    |tmp_211_reg_4004                  |  32|   0|   32|          0|
    |tmp_212_reg_4009                  |   8|   0|    8|          0|
    |tmp_212_reg_4009_pp0_iter2_reg    |   8|   0|    8|          0|
    |tmp_31_reg_3315                   |  64|   0|   64|          0|
    |tmp_59_reg_3352                   |   1|   0|    1|          0|
    |tmp_61_reg_3337                   |   8|   0|    8|          0|
    |tmp_63_reg_3368                   |  32|   0|   32|          0|
    |tmp_65_reg_3389                   |   1|   0|    1|          0|
    |tmp_67_reg_3405                   |   1|   0|    1|          0|
    |tmp_70_reg_3417                   |   1|   0|    1|          0|
    |tmp_77_reg_3463                   |  32|   0|   32|          0|
    |tmp_80_reg_3611                   |   1|   0|    1|          0|
    |tmp_80_reg_3611_pp0_iter1_reg     |   1|   0|    1|          0|
    |tmp_84_mid2_v_v_v_reg_3510        |   2|   0|    2|          0|
    |tmp_89_reg_4024                   |   1|   0|    1|          0|
    |tmp_V_2_1_cast_reg_3692           |  62|   0|   64|          2|
    |tmp_V_2_1_reg_3627                |  62|   0|   62|          0|
    |tmp_V_2_2_cast_reg_3773           |  62|   0|   64|          2|
    |tmp_V_2_2_reg_3712                |  62|   0|   62|          0|
    |tmp_V_2_3_cast_reg_3788           |  62|   0|   64|          2|
    |tmp_V_2_3_reg_3723                |  62|   0|   62|          0|
    |tmp_V_2_4_cast_reg_3869           |  62|   0|   64|          2|
    |tmp_V_2_4_reg_3808                |  62|   0|   62|          0|
    |tmp_V_2_5_cast_reg_3884           |  62|   0|   64|          2|
    |tmp_V_2_5_reg_3819                |  62|   0|   62|          0|
    |tmp_V_2_6_cast_reg_3948           |  62|   0|   64|          2|
    |tmp_V_2_6_reg_3904                |  62|   0|   62|          0|
    |tmp_V_2_7_cast_reg_3963           |  62|   0|   64|          2|
    |tmp_V_2_7_reg_3915                |  62|   0|   62|          0|
    |tmp_V_2_8_cast_reg_3999           |  62|   0|   64|          2|
    |tmp_V_2_8_reg_3983                |  62|   0|   62|          0|
    |tmp_V_2_cast_reg_3677             |  62|   0|   64|          2|
    |tmp_V_2_reg_3616                  |  62|   0|   62|          0|
    |tmp_s_reg_3320                    |   1|   0|    1|          0|
    |x_reg_3363                        |  32|   0|   32|          0|
    |yn_reg_3357                       |  32|   0|   32|          0|
    |exitcond_flatten_reg_3481         |  64|  32|    1|          0|
    |indvars_iv_in_mid2_reg_3490       |  64|  32|   32|          0|
    +----------------------------------+----+----+-----+-----------+
    |Total                             |4838|  64| 4764|         21|
    +----------------------------------+----+----+-----+-----------+



================================================================
== Interface
================================================================
* Summary: 
+-------------------------+-----+-----+--------------+----------------+--------------+
|        RTL Ports        | Dir | Bits|   Protocol   |  Source Object |    C Type    |
+-------------------------+-----+-----+--------------+----------------+--------------+
|ap_clk                   |  in |    1| ap_ctrl_none | compute_blocks | return value |
|ap_rst                   |  in |    1| ap_ctrl_none | compute_blocks | return value |
|ap_start                 |  in |    1| ap_ctrl_none | compute_blocks | return value |
|ap_done                  | out |    1| ap_ctrl_none | compute_blocks | return value |
|ap_continue              |  in |    1| ap_ctrl_none | compute_blocks | return value |
|ap_idle                  | out |    1| ap_ctrl_none | compute_blocks | return value |
|ap_ready                 | out |    1| ap_ctrl_none | compute_blocks | return value |
|cells_bin_V_address0     | out |   10|   ap_memory  |   cells_bin_V  |     array    |
|cells_bin_V_ce0          | out |    1|   ap_memory  |   cells_bin_V  |     array    |
|cells_bin_V_q0           |  in |   32|   ap_memory  |   cells_bin_V  |     array    |
|cells_bin_V_address1     | out |   10|   ap_memory  |   cells_bin_V  |     array    |
|cells_bin_V_ce1          | out |    1|   ap_memory  |   cells_bin_V  |     array    |
|cells_bin_V_q1           |  in |   32|   ap_memory  |   cells_bin_V  |     array    |
|cells_mag_sq_V_address0  | out |    6|   ap_memory  | cells_mag_sq_V |     array    |
|cells_mag_sq_V_ce0       | out |    1|   ap_memory  | cells_mag_sq_V |     array    |
|cells_mag_sq_V_q0        |  in |   64|   ap_memory  | cells_mag_sq_V |     array    |
|cells_mag_sq_V_address1  | out |    6|   ap_memory  | cells_mag_sq_V |     array    |
|cells_mag_sq_V_ce1       | out |    1|   ap_memory  | cells_mag_sq_V |     array    |
|cells_mag_sq_V_q1        |  in |   64|   ap_memory  | cells_mag_sq_V |     array    |
|hog_address0             | out |   11|   ap_memory  |       hog      |     array    |
|hog_ce0                  | out |    1|   ap_memory  |       hog      |     array    |
|hog_we0                  | out |    1|   ap_memory  |       hog      |     array    |
|hog_d0                   | out |   32|   ap_memory  |       hog      |     array    |
|hog_address1             | out |   11|   ap_memory  |       hog      |     array    |
|hog_ce1                  | out |    1|   ap_memory  |       hog      |     array    |
|hog_we1                  | out |    1|   ap_memory  |       hog      |     array    |
|hog_d1                   | out |   32|   ap_memory  |       hog      |     array    |
+-------------------------+-----+-----+--------------+----------------+--------------+

